mctrace 1
profile 1
precision f32
tick 1 time 459c4000 dt 00000000
action 400 site 0 args 6 nil nil nil nil nil number 3f800000 result bool 0
action 9 site 2 args 0 async
action 9 site 4 args 0 async
action 9 site 6 args 0 async
action 9 site 8 args 0 async
action 9 site a args 0 async
action 9 site c args 0 async
action 9 site e args 0 async
action 9 site 10 args 0 async
action 9 site 12 args 0 async
action 9 site 14 args 0 async
action 9 site 16 args 0 async
action 9 site 18 args 0 async
tick 2 time 461c4000 dt 459c4000
action 400 site 0 args 6 nil nil nil nil nil number 3f800000 result bool 1
port display scroll "hello"
action 402 site 1 args 3 nil nil nil async
action 9 site 2 args 0 async
action 9 site 4 args 0 async
action 9 site 6 args 0 async
action 9 site 8 args 0 async
action 9 site a args 0 async
action 9 site c args 0 async
action 9 site e args 0 async
action 9 site 10 args 0 async
action 9 site 12 args 0 async
action 9 site 14 args 0 async
action 9 site 16 args 0 async
action 9 site 18 args 0 async
tick 3 time 466a6000 dt 459c4000
tick 4 time 469c4000 dt 459c4000
tick 5 time 46c35000 dt 459c4000
port display scroll "hello"
action 402 site 3 args 3 nil nil nil async
action 400 site 0 args 6 nil nil nil nil nil number 3f800000 result bool 0
tick 6 time 46ea6000 dt 459c4000
action 400 site 0 args 6 nil nil nil nil nil number 3f800000 result bool 0
tick 7 time 4708b800 dt 459c4000
action 400 site 0 args 6 nil nil nil nil nil number 3f800000 result bool 0
tick 8 time 471c4000 dt 459c4000
port display scroll "hello"
action 402 site 5 args 3 nil nil nil async
action 400 site 0 args 6 nil nil nil nil nil number 3f800000 result bool 0
action 9 site 2 args 0 async
tick 9 time 472fc800 dt 459c4000
action 400 site 0 args 6 nil nil nil nil nil number 3f800000 result bool 0
action 9 site 2 args 0 async
tick a time 47435000 dt 459c4000
action 400 site 0 args 6 nil nil nil nil nil number 3f800000 result bool 0
action 9 site 2 args 0 async
tick b time 4756d800 dt 459c4000
port display scroll "hello"
action 402 site 7 args 3 nil nil nil async
action 400 site 0 args 6 nil nil nil nil nil number 3f800000 result bool 0
action 9 site 2 args 0 async
action 9 site 4 args 0 async
tick c time 476a6000 dt 459c4000
action 400 site 0 args 6 nil nil nil nil nil number 3f800000 result bool 0
action 9 site 2 args 0 async
action 9 site 4 args 0 async
tick d time 477de800 dt 459c4000
action 400 site 0 args 6 nil nil nil nil nil number 3f800000 result bool 0
action 9 site 2 args 0 async
action 9 site 4 args 0 async
tick e time 4788b800 dt 459c4000
port display scroll "hello"
action 402 site 9 args 3 nil nil nil async
action 400 site 0 args 6 nil nil nil nil nil number 3f800000 result bool 0
action 9 site 2 args 0 async
action 9 site 4 args 0 async
action 9 site 6 args 0 async
tick f time 47927c00 dt 459c4000
action 400 site 0 args 6 nil nil nil nil nil number 3f800000 result bool 0
action 9 site 2 args 0 async
action 9 site 4 args 0 async
action 9 site 6 args 0 async
tick 10 time 479c4000 dt 459c4000
action 400 site 0 args 6 nil nil nil nil nil number 3f800000 result bool 0
action 9 site 2 args 0 async
action 9 site 4 args 0 async
action 9 site 6 args 0 async
tick 11 time 47a60400 dt 459c4000
port display scroll "hello"
action 402 site b args 3 nil nil nil async
action 400 site 0 args 6 nil nil nil nil nil number 3f800000 result bool 0
action 9 site 2 args 0 async
action 9 site 4 args 0 async
action 9 site 6 args 0 async
action 9 site 8 args 0 async
tick 12 time 47afc800 dt 459c4000
action 400 site 0 args 6 nil nil nil nil nil number 3f800000 result bool 0
action 9 site 2 args 0 async
action 9 site 4 args 0 async
action 9 site 6 args 0 async
action 9 site 8 args 0 async
tick 13 time 47b98c00 dt 459c4000
action 400 site 0 args 6 nil nil nil nil nil number 3f800000 result bool 0
action 9 site 2 args 0 async
action 9 site 4 args 0 async
action 9 site 6 args 0 async
action 9 site 8 args 0 async
tick 14 time 47c35000 dt 459c4000
port display scroll "hello"
action 402 site d args 3 nil nil nil async
action 400 site 0 args 6 nil nil nil nil nil number 3f800000 result bool 0
action 9 site 2 args 0 async
action 9 site 4 args 0 async
action 9 site 6 args 0 async
action 9 site 8 args 0 async
action 9 site a args 0 async
tick 15 time 47cd1400 dt 459c4000
action 400 site 0 args 6 nil nil nil nil nil number 3f800000 result bool 0
action 9 site 2 args 0 async
action 9 site 4 args 0 async
action 9 site 6 args 0 async
action 9 site 8 args 0 async
action 9 site a args 0 async
tick 16 time 47d6d800 dt 459c4000
action 400 site 0 args 6 nil nil nil nil nil number 3f800000 result bool 0
action 9 site 2 args 0 async
action 9 site 4 args 0 async
action 9 site 6 args 0 async
action 9 site 8 args 0 async
action 9 site a args 0 async
tick 17 time 47e09c00 dt 459c4000
port display scroll "hello"
action 402 site f args 3 nil nil nil async
action 400 site 0 args 6 nil nil nil nil nil number 3f800000 result bool 0
action 9 site 2 args 0 async
action 9 site 4 args 0 async
action 9 site 6 args 0 async
action 9 site 8 args 0 async
action 9 site a args 0 async
action 9 site c args 0 async
tick 18 time 47ea6000 dt 459c4000
action 400 site 0 args 6 nil nil nil nil nil number 3f800000 result bool 0
action 9 site 2 args 0 async
action 9 site 4 args 0 async
action 9 site 6 args 0 async
action 9 site 8 args 0 async
action 9 site a args 0 async
action 9 site c args 0 async
tick 19 time 47f42400 dt 459c4000
action 400 site 0 args 6 nil nil nil nil nil number 3f800000 result bool 0
action 9 site 2 args 0 async
action 9 site 4 args 0 async
action 9 site 6 args 0 async
action 9 site 8 args 0 async
action 9 site a args 0 async
action 9 site c args 0 async
tick 1a time 47fde800 dt 459c4000
port display scroll "hello"
action 402 site 11 args 3 nil nil nil async
action 400 site 0 args 6 nil nil nil nil nil number 3f800000 result bool 0
action 9 site 2 args 0 async
action 9 site 4 args 0 async
action 9 site 6 args 0 async
action 9 site 8 args 0 async
action 9 site a args 0 async
action 9 site c args 0 async
action 9 site e args 0 async
tick 1b time 4803d600 dt 459c4000
action 400 site 0 args 6 nil nil nil nil nil number 3f800000 result bool 0
action 9 site 2 args 0 async
action 9 site 4 args 0 async
action 9 site 6 args 0 async
action 9 site 8 args 0 async
action 9 site a args 0 async
action 9 site c args 0 async
action 9 site e args 0 async
tick 1c time 4808b800 dt 459c4000
action 400 site 0 args 6 nil nil nil nil nil number 3f800000 result bool 0
action 9 site 2 args 0 async
action 9 site 4 args 0 async
action 9 site 6 args 0 async
action 9 site 8 args 0 async
action 9 site a args 0 async
action 9 site c args 0 async
action 9 site e args 0 async
tick 1d time 480d9a00 dt 459c4000
port display scroll "hello"
action 402 site 13 args 3 nil nil nil async
action 400 site 0 args 6 nil nil nil nil nil number 3f800000 result bool 0
action 9 site 2 args 0 async
action 9 site 4 args 0 async
action 9 site 6 args 0 async
action 9 site 8 args 0 async
action 9 site a args 0 async
action 9 site c args 0 async
action 9 site e args 0 async
action 9 site 10 args 0 async
tick 1e time 48127c00 dt 459c4000
action 400 site 0 args 6 nil nil nil nil nil number 3f800000 result bool 0
action 9 site 2 args 0 async
action 9 site 4 args 0 async
action 9 site 6 args 0 async
action 9 site 8 args 0 async
action 9 site a args 0 async
action 9 site c args 0 async
action 9 site e args 0 async
action 9 site 10 args 0 async
tick 1f time 48175e00 dt 459c4000
action 400 site 0 args 6 nil nil nil nil nil number 3f800000 result bool 0
action 9 site 2 args 0 async
action 9 site 4 args 0 async
action 9 site 6 args 0 async
action 9 site 8 args 0 async
action 9 site a args 0 async
action 9 site c args 0 async
action 9 site e args 0 async
action 9 site 10 args 0 async
tick 20 time 481c4000 dt 459c4000
port display scroll "hello"
action 402 site 15 args 3 nil nil nil async
action 400 site 0 args 6 nil nil nil nil nil number 3f800000 result bool 0
action 9 site 2 args 0 async
action 9 site 4 args 0 async
action 9 site 6 args 0 async
action 9 site 8 args 0 async
action 9 site a args 0 async
action 9 site c args 0 async
action 9 site e args 0 async
action 9 site 10 args 0 async
action 9 site 12 args 0 async
tick 21 time 48212200 dt 459c4000
action 400 site 0 args 6 nil nil nil nil nil number 3f800000 result bool 0
action 9 site 2 args 0 async
action 9 site 4 args 0 async
action 9 site 6 args 0 async
action 9 site 8 args 0 async
action 9 site a args 0 async
action 9 site c args 0 async
action 9 site e args 0 async
action 9 site 10 args 0 async
action 9 site 12 args 0 async
tick 22 time 48260400 dt 459c4000
action 400 site 0 args 6 nil nil nil nil nil number 3f800000 result bool 0
action 9 site 2 args 0 async
action 9 site 4 args 0 async
action 9 site 6 args 0 async
action 9 site 8 args 0 async
action 9 site a args 0 async
action 9 site c args 0 async
action 9 site e args 0 async
action 9 site 10 args 0 async
action 9 site 12 args 0 async
tick 23 time 482ae600 dt 459c4000
port display scroll "hello"
action 402 site 17 args 3 nil nil nil async
action 400 site 0 args 6 nil nil nil nil nil number 3f800000 result bool 0
action 9 site 2 args 0 async
action 9 site 4 args 0 async
action 9 site 6 args 0 async
action 9 site 8 args 0 async
action 9 site a args 0 async
action 9 site c args 0 async
action 9 site e args 0 async
action 9 site 10 args 0 async
action 9 site 12 args 0 async
action 9 site 14 args 0 async
tick 24 time 482fc800 dt 459c4000
action 400 site 0 args 6 nil nil nil nil nil number 3f800000 result bool 0
action 9 site 2 args 0 async
action 9 site 4 args 0 async
action 9 site 6 args 0 async
action 9 site 8 args 0 async
action 9 site a args 0 async
action 9 site c args 0 async
action 9 site e args 0 async
action 9 site 10 args 0 async
action 9 site 12 args 0 async
action 9 site 14 args 0 async
tick 25 time 4834aa00 dt 459c4000
action 400 site 0 args 6 nil nil nil nil nil number 3f800000 result bool 0
action 9 site 2 args 0 async
action 9 site 4 args 0 async
action 9 site 6 args 0 async
action 9 site 8 args 0 async
action 9 site a args 0 async
action 9 site c args 0 async
action 9 site e args 0 async
action 9 site 10 args 0 async
action 9 site 12 args 0 async
action 9 site 14 args 0 async
tick 26 time 48398c00 dt 459c4000
port display scroll "hello"
action 402 site 19 args 3 nil nil nil async
action 400 site 0 args 6 nil nil nil nil nil number 3f800000 result bool 0
action 9 site 2 args 0 async
action 9 site 4 args 0 async
action 9 site 6 args 0 async
action 9 site 8 args 0 async
action 9 site a args 0 async
action 9 site c args 0 async
action 9 site e args 0 async
action 9 site 10 args 0 async
action 9 site 12 args 0 async
action 9 site 14 args 0 async
action 9 site 16 args 0 async
tick 27 time 483e6e00 dt 459c4000
action 400 site 0 args 6 nil nil nil nil nil number 3f800000 result bool 0
action 9 site 2 args 0 async
action 9 site 4 args 0 async
action 9 site 6 args 0 async
action 9 site 8 args 0 async
action 9 site a args 0 async
action 9 site c args 0 async
action 9 site e args 0 async
action 9 site 10 args 0 async
action 9 site 12 args 0 async
action 9 site 14 args 0 async
action 9 site 16 args 0 async
tick 28 time 48435000 dt 459c4000
action 400 site 0 args 6 nil nil nil nil nil number 3f800000 result bool 0
action 9 site 2 args 0 async
action 9 site 4 args 0 async
action 9 site 6 args 0 async
action 9 site 8 args 0 async
action 9 site a args 0 async
action 9 site c args 0 async
action 9 site e args 0 async
action 9 site 10 args 0 async
action 9 site 12 args 0 async
action 9 site 14 args 0 async
action 9 site 16 args 0 async
tick 29 time 48483200 dt 459c4000
action 400 site 0 args 6 nil nil nil nil nil number 3f800000 result bool 0
action 9 site 2 args 0 async
action 9 site 4 args 0 async
action 9 site 6 args 0 async
action 9 site 8 args 0 async
action 9 site a args 0 async
action 9 site c args 0 async
action 9 site e args 0 async
action 9 site 10 args 0 async
action 9 site 12 args 0 async
action 9 site 14 args 0 async
action 9 site 16 args 0 async
action 9 site 18 args 0 async
tick 2a time 484d1400 dt 459c4000
action 400 site 0 args 6 nil nil nil nil nil number 3f800000 result bool 0
action 9 site 2 args 0 async
action 9 site 4 args 0 async
action 9 site 6 args 0 async
action 9 site 8 args 0 async
action 9 site a args 0 async
action 9 site c args 0 async
action 9 site e args 0 async
action 9 site 10 args 0 async
action 9 site 12 args 0 async
action 9 site 14 args 0 async
action 9 site 16 args 0 async
action 9 site 18 args 0 async
tick 2b time 4851f600 dt 459c4000
action 400 site 0 args 6 nil nil nil nil nil number 3f800000 result bool 0
action 9 site 2 args 0 async
action 9 site 4 args 0 async
action 9 site 6 args 0 async
action 9 site 8 args 0 async
action 9 site a args 0 async
action 9 site c args 0 async
action 9 site e args 0 async
action 9 site 10 args 0 async
action 9 site 12 args 0 async
action 9 site 14 args 0 async
action 9 site 16 args 0 async
action 9 site 18 args 0 async
